
> eveni-dashboard@0.1.0 build
> next build

  ??Next.js 14.2.5
  - Environments: .env.local

   Creating an optimized production build ...
 ??Compiled successfully
   Linting and checking validity of types ...
node.exe : Failed to compile.
위치 줄:1 문자:1
+ & "C:\Program Files\nodejs/node.exe" "C:\Program Files\nodejs/node_mo ...
+ ~~~~~~~~~~~~~~~~~~~~~~~~~~~~~~~~~~~~~~~~~~~~~~~~~~~~~~~~~~~~~~~~~~~~~
    + CategoryInfo          : NotSpecified: (Failed to compile.:String) [], RemoteException
    + FullyQualifiedErrorId : NativeCommandError
 

./components/dashboard/sales/insights/tabs/ProductAnalysisTab.tsx:98:49
Type error: Argument of type 'string' is not assignable to parameter of type 'number'.

[0m [90m  96 |[39m     [90m// ?꾩옱 二쇱감 ?곗씠??[39m[0m
[0m [90m  97 |[39m     currentWeekTx[33m.[39mforEach((tx) [33m=>[39m {[0m
[0m[31m[1m>[22m[39m[90m  98 |[39m       [36mif[39m (tx[33m.[39mweeks [33m&&[39m [[35m20[39m[33m,[39m 
[35m26[39m[33m,[39m [35m32[39m[33m,[39m [35m40[39m][33m.[39mincludes(tx[33m.[39mweeks)) {[0m
[0m [90m     |[39m                                                 [31m[1m^[22m[39m[0m
[0m [90m  99 |[39m         [36mconst[39m existing [33m=[39m weeksData[33m.[39m[36mget[39m(tx[33m.[39mweeks
) [33m||[39m {[0m
[0m [90m 100 |[39m           currentCount[33m:[39m [35m0[39m[33m,[39m[0m
[0m [90m 101 |[39m           currentRevenue[33m:[39m [35m0[39m[33m,[39m[0m
